// Jest Snapshot v1, https://goo.gl/fbAQLP

exports[`Menu Items container should save a snapshot of the component 1`] = `
<View
  style={
    Object {
      "flexDirection": "row",
      "flexWrap": "wrap",
      "justifyContent": "center",
    }
  }
>
  <Memo(Card)
    key="1"
    onPress={[Function]}
  />
</View>
`;
