// Jest Snapshot v1, https://goo.gl/fbAQLP

exports[`<Loading /> should save a snapshot of the component 1`] = `
<ActivityIndicator
  animating={true}
  color="#2089dc"
  hidesWhenStopped={true}
  size="large"
/>
`;
