// Jest Snapshot v1, https://goo.gl/fbAQLP

exports[`<LoaderOrChildrenComponent /> should save a snapshot of the component 1`] = `
<Fragment>
  <Text />
</Fragment>
`;
