// Jest Snapshot v1, https://goo.gl/fbAQLP

exports[`ArtistScreen should save a snapshot of the component 1`] = `
<View>
  <Themed.Text>
    Artist Screen
  </Themed.Text>
</View>
`;
