// Jest Snapshot v1, https://goo.gl/fbAQLP

exports[`FormGenerator should render correctly 1`] = `
<Formik
  initialValues={
    Object {
      "email": undefined,
    }
  }
  onSubmit={[MockFunction]}
>
  <Component />
</Formik>
`;
