// Jest Snapshot v1, https://goo.gl/fbAQLP

exports[`<CardLarge /> should save a snapshot of the component 1`] = `
<Fragment>
  <Text>
    CardLarge
  </Text>
</Fragment>
`;
