// Jest Snapshot v1, https://goo.gl/fbAQLP

exports[`AuthStack should save a snapshot of the component 1`] = `
<ForwardRef(NavigationContainer)>
  <StackNavigator
    headerMode="none"
  >
    <Screen
      component={[Function]}
      name="Login"
    />
  </StackNavigator>
</ForwardRef(NavigationContainer)>
`;
