// Jest Snapshot v1, https://goo.gl/fbAQLP

exports[`LoginScreen should save a snapshot of the component 1`] = `
<LayoutView
  style={
    Object {
      "justifyContent": "center",
    }
  }
>
  <Memo(Component) />
  <mockConstructor />
</LayoutView>
`;
