// Jest Snapshot v1, https://goo.gl/fbAQLP

exports[`<PhoneCall /> should save a snapshot of the component 1`] = `
<Fragment>
  <ForwardRef(Themed.Button)
    buttonStyle={
      Object {
        "marginVertical": 24,
      }
    }
    containerStyle={
      Object {
        "width": "40%",
      }
    }
    icon={
      Object {
        "name": "phone",
        "size": 20,
        "type": "feather",
      }
    }
    onPress={[Function]}
    title="Llamar"
    titleStyle={
      Object {
        "fontSize": 26.5,
      }
    }
  />
</Fragment>
`;
