// Jest Snapshot v1, https://goo.gl/fbAQLP

exports[`<ArtistScreen /> should save a snapshot of the component 1`] = `
<LayoutView>
  <View
    style={
      Object {
        "marginHorizontal": 24,
        "marginVertical": 12,
      }
    }
  >
    <Themed.Text
      style={
        Object {
          "fontSize": 22,
        }
      }
    >
      Artistas
    </Themed.Text>
  </View>
  <ArtistContainer />
  <ForwardRef(Themed.Button)
    containerStyle={
      Object {
        "height": 64,
        "paddingVertical": 8,
      }
    }
    title="Agregar Artista"
  />
</LayoutView>
`;
